../Drivers/CMSIS/Include/core_cm4.h:2064:26:ITM_SendChar	16	static,ignoring_inline_asm
../Core/Src/main.c:80:5:main	8	static
../Core/Src/main.c:158:6:SystemClock_Config	88	static
../Core/Src/main.c:200:13:MX_GPIO_Init	32	static
../Core/Src/main.c:220:6:Task_action	16	static
../Core/Src/main.c:235:13:StartBlink01	16	static
../Core/Src/main.c:254:13:StartBlink02	16	static
../Core/Src/main.c:275:6:HAL_TIM_PeriodElapsedCallback	16	static
../Core/Src/main.c:292:6:Error_Handler	4	static,ignoring_inline_asm
