../Core/Src/main.c:54:17:ADC_Read	16	static
../Core/Src/main.c:71:6:HAL_I2C_AddrCallback	16	static
../Core/Src/main.c:90:6:HAL_I2C_SlaveRxCpltCallback	16	static
../Core/Src/main.c:96:6:HAL_I2C_SlaveTxCpltCallback	16	static
../Core/Src/main.c:101:6:HAL_I2C_ListenCpltCallback	16	static
../Core/Src/main.c:106:6:HAL_I2C_ErrorCallback	16	static
../Core/Src/main.c:121:5:main	16	static
../Core/Src/main.c:176:6:SystemClock_Config	88	static
../Core/Src/main.c:224:13:MX_ADC1_Init	56	static
../Core/Src/main.c:293:13:MX_I2C1_Init	8	static
../Core/Src/main.c:327:13:MX_GPIO_Init	16	static
../Core/Src/main.c:344:6:Error_Handler	4	static,ignoring_inline_asm
